Microchip MPLAB XC8 Compiler V2.46

Linker command line:

-W-3 \
  --edf=C:\Program Files\Microchip\xc8\v2.46\pic\dat\20240104201356_en.msgs \
  -cn -h+dist/default/production\Practica_3_Es.X.production.sym \
  --cmf=dist/default/production\Practica_3_Es.X.production.cmf -z -Q16F873A \
  -oC:\Users\emanu\AppData\Local\Temp\xcAs1nmg.\driver_tmp_3.o \
  --defsym=__MPLAB_BUILD=1 --fixupoverflow=error \
  -Mdist/default/production/Practica_3_Es.X.production.map \
  --md=C:\Users\emanu\AppData\Local\Temp\xcAs1nmg.\driver_tmp_0.dat -E1 \
  -ver=XC8 Compiler --acfsm=1493 -ACODE=00h-07FFhx2 -ASTRCODE=00h-0FFFh \
  -ASTRING=00h-0FFhx16 -ACONST=00h-0FFhx16 -AENTRY=00h-0FFhx16 \
  -ABANK0=020h-07Dh -ABANK1=0A0h-0FDh -ARAM=020h-07Dh,0A0h-0FDh \
  -AABS1=020h-07Fh,0A0h-0FFh -ACOMMON=07Eh-07Fh -ASFR0=00h-01Fh \
  -ASFR1=080h-09Fh -ASFR2=0100h-017Dh -ASFR3=0180h-01FDh \
  -ACONFIG=02007h-02007h -DCONFIG=2 -AIDLOC=02000h-02003h -DIDLOC=2 \
  -AEEDATA=00h-07Fh/02100h -peeprom_data=EEDATA -DEEDATA=2 -DCODE=2 \
  -DSTRCODE=2 -DSTRING=2 -DCONST=2 -DENTRY=2 \
  -preset_vec=00h,intentry=04h,sivt,init,end_init -ppowerup=CODE \
  -pcinit=CODE -pfunctab=ENTRY -k \
  C:\Users\emanu\AppData\Local\Temp\xcAs1nmg.\driver_tmp_12.o \
  dist/default/production\Practica_3_Es.X.production.o 

Object code version is 3.11

Machine type is 16F873A



                Name                               Link     Load   Length Selector   Space Scale
C:\Users\emanu\AppData\Local\Temp\xcAs1nmg.\driver_tmp_12.o
                end_init                             11       11        2        8       0
                reset_vec                             0        0        2        0       0
                config                             2007     2007        1        0       4
dist/default/production\Practica_3_Es.X.production.o
                cinit                                13       13        A        8       0
                intentry                              4        4        D        8       0
                config                             2007     2007        1        0       4
                text13                              1D5      1D5       17      24A       0
                text12                              1FC      1FC       10      24A       0
                text11                              1BE      1BE       17      24A       0
                text10                               E5       E5       22        8       0
                text9                               15D      15D       1C      24A       0
                text8                                1D       1D       59        8       0
                text7                               1A7      1A7       17      24A       0
                text6                               1EC      1EC       10      24A       0
                text5                                76       76       4D        8       0
                text4                               190      190       17      24A       0
                text3                                C3       C3       22        8       0
                text2                               141      141       1C      24A       0
                text1                               179      179       17      24A       0
                maintext                            125      125       1C      24A       0
                cstackBANK0                          20       20       18       20       1
                clrtext                             20C      20C        8      24A       0
                bssBANK0                             38       38       15       20       1
                strings                             107      107       1E      20E       0

TOTAL           Name                               Link     Load   Length     Space
        CLASS   CODE           
                end_init                             11       11        2         0
                cinit                                13       13        A         0
                intentry                              4        4        D         0
                reset_vec                             0        0        2         0
                text13                              1D5      1D5       17         0
                text12                              1FC      1FC       10         0
                text11                              1BE      1BE       17         0
                text10                               E5       E5       22         0
                text9                               15D      15D       1C         0
                text8                                1D       1D       59         0
                text7                               1A7      1A7       17         0
                text6                               1EC      1EC       10         0
                text5                                76       76       4D         0
                text4                               190      190       17         0
                text3                                C3       C3       22         0
                text2                               141      141       1C         0
                text1                               179      179       17         0
                maintext                            125      125       1C         0
                clrtext                             20C      20C        8         0

        CLASS   STRCODE        

        CLASS   STRING         
                strings                             107      107       1E         0

        CLASS   CONST          

        CLASS   ENTRY          

        CLASS   BANK0          
                cstackBANK0                          20       20       18         1
                bssBANK0                             38       38       15         1

        CLASS   BANK1          

        CLASS   RAM            

        CLASS   ABS1           
                abs_s1                               7E       7E        2         1

        CLASS   COMMON         

        CLASS   SFR0           

        CLASS   SFR1           

        CLASS   SFR2           

        CLASS   SFR3           

        CLASS   CONFIG         
                config                             2007     2007        1         4

        CLASS   IDLOC          

        CLASS   EEDATA         

        CLASS   BANK3          

        CLASS   BANK2          

        CLASS   HEAP           

        CLASS   STACK          



SEGMENTS        Name                           Load    Length   Top    Selector   Space  Class     Delta

                reset_vec                      000000  000002  000002         0       0  CODE        2
                intentry                       000004  000103  000107         8       0  CODE        2
                cstackBANK0                    000020  00002D  00004D        20       1  BANK0       1
                strings                        000107  00001E  000125       20E       0  STRING      2
                maintext                       000125  0000EF  000214       24A       0  CODE        2


UNUSED ADDRESS RANGES

        Name                Unused          Largest block    Delta
        BANK0            004D-007D             31           1
        BANK1            00A0-00FD             5E           1
        CODE             0002-0003              2           2
                         0214-0FFF            5EC
        CONST            0002-0003              2           2
                         0214-0FFF            100
        EEDATA           2100-217F             80           2
        ENTRY            0002-0003              2           2
                         0214-0FFF            100
        IDLOC            2000-2003              4           2
        RAM              004D-007D             31           1
                         00A0-00FD             5E
        SFR0             0000-001F             20           1
        SFR1             0080-009F             20           1
        SFR2             0100-017D             7E           1
        SFR3             0180-01FD             7E           1
        STRCODE          0002-0003              2           2
                         0214-0FFF            DEC
        STRING           0002-0003              2           2
                         0214-0FFF            100

                                  Symbol Table

ISR@temp                 cstackBANK0  002F
LCD_command@command      cstackBANK0  0032
LCD_data@data            cstackBANK0  0032
LCD_print@string         cstackBANK0  0033
LCD_setCursor@column     cstackBANK0  0033
LCD_setCursor@position   cstackBANK0  0037
LCD_setCursor@row        cstackBANK0  0034
_ADCON1                  (abs)        009F
_INTCONbits              (abs)        000B
_ISR                     text8        001D
_LCD_clear               text6        01EC
_LCD_command             text7        01A7
_LCD_data                text4        0190
_LCD_init                text5        0076
_LCD_print               text3        00C3
_LCD_setCursor           text2        0141
_LCD_setCursor$230       cstackBANK0  0035
_PIE1bits                (abs)        008C
_PIR1bits                (abs)        000C
_PORTB                   (abs)        0006
_PORTCbits               (abs)        0007
_RCREG                   (abs)        001A
_RCSTAbits               (abs)        0018
_SPBRG                   (abs)        0099
_TRISB                   (abs)        0086
_TRISC                   (abs)        0087
_TRISC6                  (abs)        043E
_TRISC7                  (abs)        043F
_TXREG                   (abs)        0019
_TXSTAbits               (abs)        0098
_UART_Init               text1        0179
__H__absolute__          __absolute__ 0000
__Habs1                  abs1         0000
__Hbank0                 bank0        0000
__Hbank1                 bank1        0000
__Hbank2                 bank2        0000
__Hbank3                 bank3        0000
__HbssBANK0              bssBANK0     0000
__Hcinit                 cinit        001D
__Hclrtext               clrtext      0000
__Hcode                  code         0000
__Hcommon                common       0000
__Hconfig                config       2008
__HcstackBANK0           cstackBANK0  0000
__HcstackCOMMON          cstackCOMMON 0000
__Heeprom_data           eeprom_data  0000
__Hend_init              end_init     0013
__Hfunctab               functab      0000
__Hheap                  heap         0000
__Hinit                  init         0011
__Hintentry              intentry     0011
__Hmaintext              maintext     0000
__Hpowerup               powerup      0000
__Hram                   ram          0000
__Hreset_vec             reset_vec    0002
__Hsfr0                  sfr0         0000
__Hsfr1                  sfr1         0000
__Hsfr2                  sfr2         0000
__Hsfr3                  sfr3         0000
__Hsivt                  sivt         0011
__Hspace_0               (abs)        0214
__Hspace_1               (abs)        004D
__Hspace_2               (abs)        0000
__Hspace_3               (abs)        0000
__Hspace_4               (abs)        400F
__Hstack                 stack        0000
__Hstrings               strings      0000
__Htext                  text         0000
__L__absolute__          __absolute__ 0000
__Labs1                  abs1         0000
__Lbank0                 bank0        0000
__Lbank1                 bank1        0000
__Lbank2                 bank2        0000
__Lbank3                 bank3        0000
__LbssBANK0              bssBANK0     0000
__Lcinit                 cinit        0013
__Lclrtext               clrtext      0000
__Lcode                  code         0000
__Lcommon                common       0000
__Lconfig                config       0000
__LcstackBANK0           cstackBANK0  0000
__LcstackCOMMON          cstackCOMMON 0000
__Leeprom_data           eeprom_data  0000
__Lend_init              end_init     0011
__Lfunctab               functab      0000
__Lheap                  heap         0000
__Linit                  init         0011
__Lintentry              intentry     0004
__Lmaintext              maintext     0000
__Lpowerup               powerup      0000
__Lram                   ram          0000
__Lreset_vec             reset_vec    0000
__Lsfr0                  sfr0         0000
__Lsfr1                  sfr1         0000
__Lsfr2                  sfr2         0000
__Lsfr3                  sfr3         0000
__Lsivt                  sivt         0011
__Lspace_0               (abs)        0000
__Lspace_1               (abs)        0000
__Lspace_2               (abs)        0000
__Lspace_3               (abs)        0000
__Lspace_4               (abs)        0000
__Lstack                 stack        0000
__Lstrings               strings      0000
__Ltext                  text         0000
__S0                     (abs)        0214
__S1                     (abs)        004D
__S3                     (abs)        0000
___heap_hi               (abs)        0000
___heap_lo               (abs)        0000
___int_sp                stack        0000
___int_stack_hi          stack        0000
___int_stack_lo          stack        0000
___latbits               (abs)        0001
___sp                    stack        0000
___stack_hi              stack        0000
___stack_lo              stack        0000
___stackhi               (abs)        0000
___stacklo               (abs)        0000
__end_of_ISR             text8        0076
__end_of_LCD_clear       text6        01FC
__end_of_LCD_command     text7        01BE
__end_of_LCD_data        text4        01A7
__end_of_LCD_init        text5        00C3
__end_of_LCD_print       text3        00E5
__end_of_LCD_setCursor   text2        015D
__end_of_UART_Init       text1        0190
__end_of__initialization cinit        001A
__end_of__stringtab      strings      0117
__end_of_main            maintext     0141
__end_ofi1_LCD_clear     text12       020C
__end_ofi1_LCD_command   text13       01EC
__end_ofi1_LCD_data      text11       01D5
__end_ofi1_LCD_print     text10       0107
__end_ofi1_LCD_setCursor text9        0179
__initialization         cinit        0013
__pbssBANK0              bssBANK0     0038
__pcstackBANK0           cstackBANK0  0020
__pcstackCOMMON          cstackCOMMON 0000
__pintentry              intentry     0004
__pmaintext              maintext     0125
__pstrings               strings      0107
__ptext1                 text1        0179
__ptext10                text10       00E5
__ptext11                text11       01BE
__ptext12                text12       01FC
__ptext13                text13       01D5
__ptext2                 text2        0141
__ptext3                 text3        00C3
__ptext4                 text4        0190
__ptext5                 text5        0076
__ptext6                 text6        01EC
__ptext7                 text7        01A7
__ptext8                 text8        001D
__ptext9                 text9        015D
__stringbase             strings      0116
__stringtab              strings      0107
_dataIndex               bssBANK0     0038
_main                    maintext     0125
_receivedData            bssBANK0     0039
btemp                    (abs)        007E
clear_ram0               clrtext      020C
end_of_initialization    cinit        001A
i1LCD_command@command    cstackBANK0  0022
i1LCD_data@data          cstackBANK0  0022
i1LCD_print@string       cstackBANK0  0023
i1LCD_setCursor@column   cstackBANK0  0023
i1LCD_setCursor@position cstackBANK0  0027
i1LCD_setCursor@row      cstackBANK0  0024
i1_LCD_clear             text12       01FC
i1_LCD_command           text13       01D5
i1_LCD_data              text11       01BE
i1_LCD_print             text10       00E5
i1_LCD_setCursor         text9        015D
i1_LCD_setCursor$230     cstackBANK0  0025
interrupt_function       intentry     0004
intlevel0                functab      0000
intlevel1                functab      0000
intlevel2                functab      0000
intlevel3                functab      0000
intlevel4                functab      0000
intlevel5                functab      0000
reset_vec                reset_vec    0000
saved_w                  (abs)        007E
start                    init         0011
start_initialization     cinit        0013
wtemp0                   (abs)        007E


MODULE INFORMATION

Module		Function		Class		Link	Load	Size
shared
		__stringtab    		STRING         	0107	0000	16
		i1_LCD_print   		CODE           	00E5	0000	34
		i1_LCD_clear   		CODE           	01FC	0000	16
		i1_LCD_command 		CODE           	01D5	0000	23
		__initialization		CODE           	0013	0000	7
		i1_LCD_setCursor		CODE           	015D	0000	28
		i1_LCD_data    		CODE           	01BE	0000	23

shared estimated size: 147

Esclavo_3.c
		_LCD_clear     		CODE           	01EC	0000	16
		_LCD_print     		CODE           	00C3	0000	34
		_ISR           		CODE           	001D	0000	89
		_UART_Init     		CODE           	0179	0000	23
		_main          		CODE           	0125	0000	28
		_LCD_init      		CODE           	0076	0000	77
		_LCD_command   		CODE           	01A7	0000	23
		_LCD_data      		CODE           	0190	0000	23
		_LCD_setCursor 		CODE           	0141	0000	28

Esclavo_3.c estimated size: 341

