Microchip MPLAB XC8 Compiler V2.46

Linker command line:

-W-3 \
  --edf=C:\Program Files\Microchip\xc8\v2.46\pic\dat\20240104201356_en.msgs \
  -cn -h+dist/default/production\Practica_3.X.production.sym \
  --cmf=dist/default/production\Practica_3.X.production.cmf -z -Q16F873A \
  -oC:\Users\emanu\AppData\Local\Temp\xcAs5n60.\driver_tmp_3.o \
  --defsym=__MPLAB_BUILD=1 --fixupoverflow=error \
  -Mdist/default/production/Practica_3.X.production.map \
  --md=C:\Users\emanu\AppData\Local\Temp\xcAs5n60.\driver_tmp_0.dat -E1 \
  -ver=XC8 Compiler --acfsm=1493 -ACODE=00h-07FFhx2 -ASTRCODE=00h-0FFFh \
  -ASTRING=00h-0FFhx16 -ACONST=00h-0FFhx16 -AENTRY=00h-0FFhx16 \
  -ABANK0=020h-07Dh -ABANK1=0A0h-0FDh -ARAM=020h-07Dh,0A0h-0FDh \
  -AABS1=020h-07Fh,0A0h-0FFh -ACOMMON=07Eh-07Fh -ASFR0=00h-01Fh \
  -ASFR1=080h-09Fh -ASFR2=0100h-017Dh -ASFR3=0180h-01FDh \
  -ACONFIG=02007h-02007h -DCONFIG=2 -AIDLOC=02000h-02003h -DIDLOC=2 \
  -AEEDATA=00h-07Fh/02100h -peeprom_data=EEDATA -DEEDATA=2 -DCODE=2 \
  -DSTRCODE=2 -DSTRING=2 -DCONST=2 -DENTRY=2 \
  -preset_vec=00h,intentry=04h,sivt,init,end_init -ppowerup=CODE \
  -pcinit=CODE -pfunctab=ENTRY -k \
  C:\Users\emanu\AppData\Local\Temp\xcAs5n60.\driver_tmp_12.o \
  dist/default/production\Practica_3.X.production.o 

Object code version is 3.11

Machine type is 16F873A



                Name                               Link     Load   Length Selector   Space Scale
C:\Users\emanu\AppData\Local\Temp\xcAs5n60.\driver_tmp_12.o
                end_init                              D        D        2        8       0
                reset_vec                             0        0        2        0       0
                config                             2007     2007        1        0       4
dist/default/production\Practica_3.X.production.o
                cinit                                 F        F       1B        8       0
                intentry                              4        4        9        8       0
                config                             2007     2007        1        0       4
                text27                              A61      A61        E     14C2       0
                text26                              A56      A56        B     14AC       0
                text25                              AB0      AB0       17     1560       0
                text24                              7AB      7AB       51        8       0
                text23                              A3A      A3A        9     1474       0
                text22                              E0D      E0D       A7     1C1A       0
                text21                              A9E      A9E       12     153C       0
                text20                              A6F      A6F        E     14DE       0
                text19                              C66      C66       46     18CC       0
                text18                              C2A      C2A       3C     1854       0
                text17                              CAC      CAC       62     1958       0
                text16                              B38      B38       26     1670       0
                text15                              A43      A43        9     1486       0
                text14                              A7D      A7D       10     14FA       0
                text13                              AC7      AC7       17     158E       0
                text12                              B16      B16       22     162C       0
                text11                              ADE      ADE       1C     15BC       0
                text10                              7FC      7FC        4        8       0
                text9                               D0E      D0E       62     1A1C       0
                text8                               EB4      EB4      14C     1D68       0
                text7                               AFA      AFA       1C     15F4       0
                text6                               BFB      BFB       2F     17F6       0
                text5                               BAA      BAA       27     1754       0
                text4                               BD1      BD1       2A     17A2       0
                text3                               B5E      B5E       26     16BC       0
                text2                               D70      D70       9D     1AE0       0
                text1                               B84      B84       26     1708       0
                maintext                             2A       2A      781        8       0
                cstackBANK0                          20       20       3D       20       1
                clrtext                             A32      A32        8     1464       0
                inittext                            A8D      A8D       11     151A       0
                bssBANK1                             A0       A0       13       A0       1
                dataBANK0                            5D       5D        A       20       1
                bssBANK0                             67       67        9       20       1
                stringtext                          800      800      1A2       10       0
                idataBANK0                          A4C      A4C        A     1498       0

TOTAL           Name                               Link     Load   Length     Space
        CLASS   CODE           
                end_init                              D        D        2         0
                cinit                                 F        F       1B         0
                intentry                              4        4        9         0
                reset_vec                             0        0        2         0
                text27                              A61      A61        E         0
                text26                              A56      A56        B         0
                text25                              AB0      AB0       17         0
                text24                              7AB      7AB       51         0
                text23                              A3A      A3A        9         0
                text22                              E0D      E0D       A7         0
                text21                              A9E      A9E       12         0
                text20                              A6F      A6F        E         0
                text19                              C66      C66       46         0
                text18                              C2A      C2A       3C         0
                text17                              CAC      CAC       62         0
                text16                              B38      B38       26         0
                text15                              A43      A43        9         0
                text14                              A7D      A7D       10         0
                text13                              AC7      AC7       17         0
                text12                              B16      B16       22         0
                text11                              ADE      ADE       1C         0
                text10                              7FC      7FC        4         0
                text9                               D0E      D0E       62         0
                text8                               EB4      EB4      14C         0
                text7                               AFA      AFA       1C         0
                text6                               BFB      BFB       2F         0
                text5                               BAA      BAA       27         0
                text4                               BD1      BD1       2A         0
                text3                               B5E      B5E       26         0
                text2                               D70      D70       9D         0
                text1                               B84      B84       26         0
                maintext                             2A       2A      781         0
                clrtext                             A32      A32        8         0
                inittext                            A8D      A8D       11         0
                idataBANK0                          A4C      A4C        A         0

        CLASS   STRCODE        
                stringtext                          800      800      1A2         0

        CLASS   STRING         

        CLASS   CONST          

        CLASS   ENTRY          

        CLASS   BANK0          
                cstackBANK0                          20       20       3D         1
                dataBANK0                            5D       5D        A         1
                bssBANK0                             67       67        9         1

        CLASS   BANK1          
                bssBANK1                             A0       A0       13         1

        CLASS   RAM            

        CLASS   ABS1           
                abs_s1                               7E       7E        2         1

        CLASS   COMMON         

        CLASS   SFR0           

        CLASS   SFR1           

        CLASS   SFR2           

        CLASS   SFR3           

        CLASS   CONFIG         
                config                             2007     2007        1         4

        CLASS   IDLOC          

        CLASS   EEDATA         

        CLASS   BANK3          

        CLASS   BANK2          

        CLASS   HEAP           

        CLASS   STACK          



SEGMENTS        Name                           Load    Length   Top    Selector   Space  Class     Delta

                reset_vec                      000000  000002  000002         0       0  CODE        2
                intentry                       000004  0007FC  000800         8       0  CODE        2
                cstackBANK0                    000020  000050  000070        20       1  BANK0       1
                bssBANK1                       0000A0  000013  0000B3        A0       1  BANK1       1
                stringtext                     000800  0001A2  0009A2        10       0  STRCODE     2
                clrtext                        000A32  000008  000A3A      1464       0  CODE        2
                text23                         000A3A  000009  000A43      1474       0  CODE        2
                text15                         000A43  000009  000A4C      1486       0  CODE        2
                idataBANK0                     000A4C  00000A  000A56      1498       0  CODE        2
                text26                         000A56  00000B  000A61      14AC       0  CODE        2
                text27                         000A61  00000E  000A6F      14C2       0  CODE        2
                text20                         000A6F  00000E  000A7D      14DE       0  CODE        2
                text14                         000A7D  000010  000A8D      14FA       0  CODE        2
                inittext                       000A8D  000011  000A9E      151A       0  CODE        2
                text21                         000A9E  000012  000AB0      153C       0  CODE        2
                text25                         000AB0  000017  000AC7      1560       0  CODE        2
                text13                         000AC7  000017  000ADE      158E       0  CODE        2
                text11                         000ADE  00001C  000AFA      15BC       0  CODE        2
                text7                          000AFA  00001C  000B16      15F4       0  CODE        2
                text12                         000B16  000022  000B38      162C       0  CODE        2
                text16                         000B38  000026  000B5E      1670       0  CODE        2
                text3                          000B5E  000026  000B84      16BC       0  CODE        2
                text1                          000B84  000026  000BAA      1708       0  CODE        2
                text5                          000BAA  000027  000BD1      1754       0  CODE        2
                text4                          000BD1  00002A  000BFB      17A2       0  CODE        2
                text6                          000BFB  00002F  000C2A      17F6       0  CODE        2
                text18                         000C2A  00003C  000C66      1854       0  CODE        2
                text19                         000C66  000046  000CAC      18CC       0  CODE        2
                text17                         000CAC  000062  000D0E      1958       0  CODE        2
                text9                          000D0E  000062  000D70      1A1C       0  CODE        2
                text2                          000D70  00009D  000E0D      1AE0       0  CODE        2
                text22                         000E0D  0000A7  000EB4      1C1A       0  CODE        2
                text8                          000EB4  00014C  001000      1D68       0  CODE        2


UNUSED ADDRESS RANGES

        Name                Unused          Largest block    Delta
        BANK0            0070-007D              E           1
        BANK1            00B3-00FD             4B           1
        CODE             0002-0003              2           2
                         09A2-0A31             90
        CONST            0002-0003              2           2
                         09A2-0A31             5E
        EEDATA           2100-217F             80           2
        ENTRY            0002-0003              2           2
                         09A2-0A31             5E
        IDLOC            2000-2003              4           2
        RAM              0070-007D              E           1
                         00B3-00FD             4B
        SFR0             0000-001F             20           1
        SFR1             0080-009F             20           1
        SFR2             0100-017D             7E           1
        SFR3             0180-01FD             7E           1
        STRCODE          0002-0003              2           2
                         09A2-0A31             90
        STRING           0002-0003              2           2
                         09A2-0A31             5E

                                  Symbol Table

?___aldiv                     cstackBANK0  0022
?___lwdiv                     cstackBANK0  0028
?___lwmod                     cstackBANK0  0022
?___wmul                      cstackBANK0  0022
?_readADC                     cstackBANK0  0022
?_scale_value                 cstackBANK0  002F
LCD_command@command           cstackBANK0  0024
LCD_data@data                 cstackBANK0  0024
LCD_print@string              cstackBANK0  0025
LCD_setCursor@column          cstackBANK0  0025
LCD_setCursor@position        cstackBANK0  0029
LCD_setCursor@row             cstackBANK0  0026
Read_Keypad@col               cstackBANK0  0027
Read_Keypad@row               cstackBANK0  0025
UART_Write@data               cstackBANK0  0022
UART_Write_Number@buffer      cstackBANK0  0031
UART_Write_Number@i           cstackBANK0  003B
UART_Write_Number@value       cstackBANK0  002F
UART_Write_Text@text          cstackBANK0  0023
_ADCON0                       (abs)        001F
_ADCON1                       (abs)        009F
_ADRESH                       (abs)        001E
_ADRESL                       (abs)        009E
_CCP1CONbits                  (abs)        0017
_CCP2CONbits                  (abs)        001D
_CCPR1L                       (abs)        0015
_CCPR2L                       (abs)        001B
_Frecuencia                   bssBANK0     006C
_GO_nDONE                     (abs)        00FA
_INTCONbits                   (abs)        000B
_ISR                          text27       0A61
_Keyboard_init                text26       0A56
_LCD_clear                    text14       0A7D
_LCD_command                  text25       0AB0
_LCD_data                     text13       0AC7
_LCD_init                     text24       07AB
_LCD_print                    text12       0B16
_LCD_setCursor                text11       0ADE
_LCD_setCursor$497            cstackBANK0  0027
_PIE1bits                     (abs)        008C
_PIR1bits                     (abs)        000C
_PORTAbits                    (abs)        0005
_PORTB                        (abs)        0006
_PORTCbits                    (abs)        0007
_PR2                          (abs)        0092
_Prepare_Keypad_Pins          text23       0A3A
_Prepare_LCD_Pins             text10       07FC
_RCSTAbits                    (abs)        0018
_Read_Keypad                  text22       0E0D
_Reference                    bssBANK0     006D
_SPBRG                        (abs)        0099
_T1CON                        (abs)        0010
_T2CONbits                    (abs)        0012
_TMR1                         (abs)        000E
_TRISA                        (abs)        0085
_TRISAbits                    (abs)        0085
_TRISB                        (abs)        0086
_TRISC                        (abs)        0087
_TRISC6                       (abs)        043E
_TRISC7                       (abs)        043F
_TRISCbits                    (abs)        0087
_TXREG                        (abs)        0019
_TXSTAbits                    (abs)        0098
_UART_Init                    text21       0A9E
_UART_Write                   text20       0A6F
_UART_Write_Number            text17       0CAC
_UART_Write_Text              text16       0B38
__H__absolute__               __absolute__ 0000
__Habs1                       abs1         0000
__Hbank0                      bank0        0000
__Hbank1                      bank1        0000
__Hbank2                      bank2        0000
__Hbank3                      bank3        0000
__HbssBANK0                   bssBANK0     0000
__HbssBANK1                   bssBANK1     0000
__Hcinit                      cinit        002A
__Hclrtext                    clrtext      0000
__Hcode                       code         0000
__Hcommon                     common       0000
__Hconfig                     config       2008
__HcstackBANK0                cstackBANK0  0000
__HcstackCOMMON               cstackCOMMON 0000
__HdataBANK0                  dataBANK0    0000
__Heeprom_data                eeprom_data  0000
__Hend_init                   end_init     000F
__Hfunctab                    functab      0000
__Hheap                       heap         0000
__HidataBANK0                 idataBANK0   0000
__Hinit                       init         000D
__Hinittext                   inittext     0000
__Hintentry                   intentry     000D
__Hmaintext                   maintext     0000
__Hpowerup                    powerup      0000
__Hram                        ram          0000
__Hreset_vec                  reset_vec    0002
__Hsfr0                       sfr0         0000
__Hsfr1                       sfr1         0000
__Hsfr2                       sfr2         0000
__Hsfr3                       sfr3         0000
__Hsivt                       sivt         000D
__Hspace_0                    (abs)        1000
__Hspace_1                    (abs)        00B3
__Hspace_2                    (abs)        0000
__Hspace_3                    (abs)        0000
__Hspace_4                    (abs)        400F
__Hstack                      stack        0000
__Hstrings                    strings      0000
__Hstringtext                 stringtext   0000
__Htext                       text         0000
__L__absolute__               __absolute__ 0000
__Labs1                       abs1         0000
__Lbank0                      bank0        0000
__Lbank1                      bank1        0000
__Lbank2                      bank2        0000
__Lbank3                      bank3        0000
__LbssBANK0                   bssBANK0     0000
__LbssBANK1                   bssBANK1     0000
__Lcinit                      cinit        000F
__Lclrtext                    clrtext      0000
__Lcode                       code         0000
__Lcommon                     common       0000
__Lconfig                     config       0000
__LcstackBANK0                cstackBANK0  0000
__LcstackCOMMON               cstackCOMMON 0000
__LdataBANK0                  dataBANK0    0000
__Leeprom_data                eeprom_data  0000
__Lend_init                   end_init     000D
__Lfunctab                    functab      0000
__Lheap                       heap         0000
__LidataBANK0                 idataBANK0   0000
__Linit                       init         000D
__Linittext                   inittext     0000
__Lintentry                   intentry     0004
__Lmaintext                   maintext     0000
__Lpowerup                    powerup      0000
__Lram                        ram          0000
__Lreset_vec                  reset_vec    0000
__Lsfr0                       sfr0         0000
__Lsfr1                       sfr1         0000
__Lsfr2                       sfr2         0000
__Lsfr3                       sfr3         0000
__Lsivt                       sivt         000D
__Lspace_0                    (abs)        0000
__Lspace_1                    (abs)        0000
__Lspace_2                    (abs)        0000
__Lspace_3                    (abs)        0000
__Lspace_4                    (abs)        0000
__Lstack                      stack        0000
__Lstrings                    strings      0000
__Lstringtext                 stringtext   0000
__Ltext                       text         0000
__S0                          (abs)        1000
__S1                          (abs)        00B3
__S3                          (abs)        0000
___aldiv                      text2        0D70
___aldiv@counter              cstackBANK0  002B
___aldiv@dividend             cstackBANK0  0026
___aldiv@divisor              cstackBANK0  0022
___aldiv@quotient             cstackBANK0  002D
___aldiv@sign                 cstackBANK0  002C
___heap_hi                    (abs)        0000
___heap_lo                    (abs)        0000
___int_sp                     stack        0000
___int_stack_hi               stack        0000
___int_stack_lo               stack        0000
___latbits                    (abs)        0001
___lwdiv                      text19       0C66
___lwdiv@counter              cstackBANK0  002E
___lwdiv@dividend             cstackBANK0  002A
___lwdiv@divisor              cstackBANK0  0028
___lwdiv@quotient             cstackBANK0  002C
___lwmod                      text18       0C2A
___lwmod@counter              cstackBANK0  0026
___lwmod@dividend             cstackBANK0  0024
___lwmod@divisor              cstackBANK0  0022
___sp                         stack        0000
___stack_hi                   stack        0000
___stack_lo                   stack        0000
___stackhi                    (abs)        0000
___stacklo                    (abs)        0000
___wmul                       text5        0BAA
___wmul@multiplicand          cstackBANK0  0024
___wmul@multiplier            cstackBANK0  0022
___wmul@product               cstackBANK0  0026
__end_of_ISR                  text27       0A6F
__end_of_Keyboard_init        text26       0A61
__end_of_LCD_clear            text14       0A8D
__end_of_LCD_command          text25       0AC7
__end_of_LCD_data             text13       0ADE
__end_of_LCD_init             text24       07FC
__end_of_LCD_print            text12       0B38
__end_of_LCD_setCursor        text11       0AFA
__end_of_Prepare_Keypad_Pins  text23       0A43
__end_of_Prepare_LCD_Pins     text10       0800
__end_of_Read_Keypad          text22       0EB4
__end_of_UART_Init            text21       0AB0
__end_of_UART_Write           text20       0A7D
__end_of_UART_Write_Number    text17       0D0E
__end_of_UART_Write_Text      text16       0B5E
__end_of___aldiv              text2        0E0D
__end_of___lwdiv              text19       0CAC
__end_of___lwmod              text18       0C66
__end_of___wmul               text5        0BD1
__end_of__initialization      cinit        0027
__end_of__stringtab           stringtext   0812
__end_of_adc_init             text15       0A4C
__end_of_display_number       text9        0D70
__end_of_display_signals      text8        1000
__end_of_main                 maintext     07AB
__end_of_pwm_init             text7        0B16
__end_of_readADC              text6        0C2A
__end_of_scale_value          text4        0BFB
__end_of_set_pwm_duty_cycle   text3        0B84
__end_of_set_pwm_frequency    text1        0BAA
__end_of_teclas               stringtext   0822
__initialization              cinit        000F
__pbssBANK0                   bssBANK0     0067
__pbssBANK1                   bssBANK1     00A0
__pcstackBANK0                cstackBANK0  0020
__pcstackCOMMON               cstackCOMMON 0000
__pdataBANK0                  dataBANK0    005D
__pidataBANK0                 idataBANK0   0A4C
__pintentry                   intentry     0004
__pmaintext                   maintext     002A
__pstringtext                 stringtext   0800
__ptext1                      text1        0B84
__ptext10                     text10       07FC
__ptext11                     text11       0ADE
__ptext12                     text12       0B16
__ptext13                     text13       0AC7
__ptext14                     text14       0A7D
__ptext15                     text15       0A43
__ptext16                     text16       0B38
__ptext17                     text17       0CAC
__ptext18                     text18       0C2A
__ptext19                     text19       0C66
__ptext2                      text2        0D70
__ptext20                     text20       0A6F
__ptext21                     text21       0A9E
__ptext22                     text22       0E0D
__ptext23                     text23       0A3A
__ptext24                     text24       07AB
__ptext25                     text25       0AB0
__ptext26                     text26       0A56
__ptext27                     text27       0A61
__ptext3                      text3        0B5E
__ptext4                      text4        0BD1
__ptext5                      text5        0BAA
__ptext6                      text6        0BFB
__ptext7                      text7        0AFA
__ptext8                      text8        0EB4
__ptext9                      text9        0D0E
__stringbase                  stringtext   0812
__stringtab                   stringtext   0800
_adc_init                     text15       0A43
_cambio                       bssBANK0     006B
_cambioD                      bssBANK0     0069
_cambioF                      bssBANK0     006A
_charCount                    bssBANK0     006E
_currentReference             bssBANK0     0067
_cursorPosition               bssBANK0     006F
_displayString                bssBANK1     00A0
_display_number               text9        0D0E
_display_signals              text8        0EB4
_main                         maintext     002A
_newDutyCycle                 dataBANK0    0063
_newFrequency                 dataBANK0    0065
_pwm_init                     text7        0AFA
_readADC                      text6        0BFB
_ref1                         dataBANK0    0061
_ref2                         dataBANK0    005F
_ref3                         dataBANK0    005D
_scale_value                  text4        0BD1
_set_pwm_duty_cycle           text3        0B5E
_set_pwm_frequency            text1        0B84
_teclas                       stringtext   0812
btemp                         (abs)        007E
clear_ram0                    clrtext      0A32
display_number@digits         cstackBANK0  0031
display_number@i              cstackBANK0  0036
display_number@number         cstackBANK0  002F
display_signals@senal1        cstackBANK0  0038
display_signals@senal2        cstackBANK0  003A
display_signals@senal3        cstackBANK0  003C
end_of_initialization         cinit        0027
init_fetch0                   inittext     0A8D
init_ram0                     inittext     0A91
interrupt_function            intentry     0004
intlevel0                     functab      0000
intlevel1                     functab      0000
intlevel2                     functab      0000
intlevel3                     functab      0000
intlevel4                     functab      0000
intlevel5                     functab      0000
main@i                        cstackBANK0  005A
main@key                      cstackBANK0  005C
main@pwm                      cstackBANK0  0058
main@scaled_value1            cstackBANK0  0056
main@senal1                   cstackBANK0  0044
main@senal1_572               cstackBANK0  004A
main@senal1_594               cstackBANK0  0050
main@senal2                   cstackBANK0  0046
main@senal2_573               cstackBANK0  004C
main@senal2_595               cstackBANK0  0052
main@senal3                   cstackBANK0  0048
main@senal3_574               cstackBANK0  004E
main@senal3_596               cstackBANK0  0054
readADC@channel               cstackBANK0  0026
reset_vec                     reset_vec    0000
saved_w                       (abs)        007E
scale_value@max               cstackBANK0  0031
scale_value@value             cstackBANK0  002F
set_pwm_duty_cycle@duty       cstackBANK0  002C
set_pwm_duty_cycle@duty_cycle cstackBANK0  0028
set_pwm_frequency@frequency   cstackBANK0  0031
start                         init         000D
start_initialization          cinit        000F
wtemp0                        (abs)        007E


MODULE INFORMATION

Module		Function		Class		Link	Load	Size
Maestro_3.c
		_LCD_clear     		CODE           	0A7D	0000	16
		_Prepare_Keypad_Pins		CODE           	0A3A	0000	9
		_UART_Write_Number		CODE           	0CAC	0000	98
		_LCD_print     		CODE           	0B16	0000	34
		_scale_value   		CODE           	0BD1	0000	42
		_ISR           		CODE           	0A61	0000	14
		_set_pwm_frequency		CODE           	0B84	0000	38
		_UART_Init     		CODE           	0A9E	0000	18
		_set_pwm_duty_cycle		CODE           	0B5E	0000	38
		_main          		CODE           	002A	0000	1921
		_UART_Write_Text		CODE           	0B38	0000	38
		_display_number		CODE           	0D0E	0000	98
		_Read_Keypad   		CODE           	0E0D	0000	167
		_LCD_init      		CODE           	07AB	0000	81
		_LCD_command   		CODE           	0AB0	0000	23
		_Keyboard_init 		CODE           	0A56	0000	11
		_display_signals		CODE           	0EB4	0000	332
		_LCD_data      		CODE           	0AC7	0000	23
		_pwm_init      		CODE           	0AFA	0000	28
		_adc_init      		CODE           	0A43	0000	9
		_UART_Write    		CODE           	0A6F	0000	14
		_LCD_setCursor 		CODE           	0ADE	0000	28
		_Prepare_LCD_Pins		CODE           	07FC	0000	4
		_readADC       		CODE           	0BFB	0000	47

Maestro_3.c estimated size: 3131

C:\Program Files\Microchip\xc8\v2.46\pic\sources\c99\common\lwdiv.c
		___lwdiv       		CODE           	0C66	0000	70

C:\Program Files\Microchip\xc8\v2.46\pic\sources\c99\common\lwdiv.c estimated size: 70

C:\Program Files\Microchip\xc8\v2.46\pic\sources\c99\common\aldiv.c
		___aldiv       		CODE           	0D70	0000	157

C:\Program Files\Microchip\xc8\v2.46\pic\sources\c99\common\aldiv.c estimated size: 157

shared
		__stringtab    		STRCODE        	0800	0000	18
		_teclas        		STRCODE        	0812	0000	16
		__initialization		CODE           	000F	0000	24

shared estimated size: 58

C:\Program Files\Microchip\xc8\v2.46\pic\sources\c99\common\Umul16.c
		___wmul        		CODE           	0BAA	0000	39

C:\Program Files\Microchip\xc8\v2.46\pic\sources\c99\common\Umul16.c estimated size: 39

C:\Program Files\Microchip\xc8\v2.46\pic\sources\c99\common\lwmod.c
		___lwmod       		CODE           	0C2A	0000	60

C:\Program Files\Microchip\xc8\v2.46\pic\sources\c99\common\lwmod.c estimated size: 60

